// Jest Snapshot v1, https://goo.gl/fbAQLP

exports[`App component renders App 1`] = `
<BrowserRouter>
  <Header />
  <Switch>
    <Route
      component={[Function]}
      exact={true}
      path="/"
    />
    <Route
      component={[Function]}
      path="/albums/:id/:name"
    />
    <Route
      component={[Function]}
      path="/songs/:id/:name"
    />
    <Route
      component={[Function]}
      path="/lyrics/:name/:title"
    />
  </Switch>
  <Footer />
</BrowserRouter>
`;
